<?php return array (
  0 => 'Symfony\\Bundle\\FrameworkBundle\\Controller\\AbstractController',
  1 => 'Combodo\\iTop\\Oauth2Client\\Controller\\Oauth2ClientController',
  2 => 'Combodo\\iTop\\AuthentToken\\Controller\\AuthentTokenAjaxController',
  3 => 'Combodo\\iTop\\OAuthClient\\Controller\\AjaxOauthClientController',
  4 => 'Combodo\\iTop\\OAuthClient\\Controller\\OAuthClientController',
  5 => 'Combodo\\iTop\\MyAccount\\Controller\\MyAccountController',
  6 => 'Combodo\\iTop\\Portal\\Controller\\AbstractController',
  7 => 'Combodo\\iTop\\Portal\\Controller\\AggregatePageBrickController',
  8 => 'Combodo\\iTop\\Portal\\Controller\\BrickController',
  9 => 'Combodo\\iTop\\Portal\\Controller\\BrowseBrickController',
  10 => 'Combodo\\iTop\\Portal\\Controller\\CreateBrickController',
  11 => 'Combodo\\iTop\\Portal\\Controller\\DefaultController',
  12 => 'Combodo\\iTop\\Portal\\Controller\\ManageBrickController',
  13 => 'Combodo\\iTop\\Portal\\Controller\\ObjectController',
  14 => 'Combodo\\iTop\\Portal\\Controller\\SessionMessageController',
  15 => 'Combodo\\iTop\\Portal\\Controller\\UserProfileBrickController',
  16 => 'Combodo\\iTop\\Application\\TwigBase\\Controller\\Controller',
  17 => 'Combodo\\iTop\\Application\\TwigBase\\Controller\\PageNotFoundException',
  18 => 'Combodo\\iTop\\Controller\\AbstractAppController',
  19 => 'Combodo\\iTop\\Controller\\AbstractController',
  20 => 'Combodo\\iTop\\Controller\\AjaxRenderController',
  21 => 'Combodo\\iTop\\Controller\\Base\\Layout\\ActivityPanelController',
  22 => 'Combodo\\iTop\\Controller\\Base\\Layout\\ObjectController',
  23 => 'Combodo\\iTop\\Controller\\Links\\LinkSetController',
  24 => 'Combodo\\iTop\\Controller\\Newsroom\\iTopNewsroomController',
  25 => 'Combodo\\iTop\\Controller\\Notifications\\ActionController',
  26 => 'Combodo\\iTop\\Controller\\Notifications\\NotificationsCenterController',
  27 => 'Combodo\\iTop\\Controller\\OAuth\\OAuthLandingController',
  28 => 'Combodo\\iTop\\Controller\\PreferencesController',
  29 => 'Combodo\\iTop\\Controller\\TemporaryObjects\\TemporaryObjectController',
  30 => 'Combodo\\iTop\\Controller\\WelcomePopupController',
  31 => 'Combodo\\iTop\\Controller\\iController',
  33 => 'Symfony\\Bundle\\FrameworkBundle\\Controller\\ControllerResolver',
  34 => 'Symfony\\Bundle\\FrameworkBundle\\Controller\\RedirectController',
  35 => 'Symfony\\Bundle\\FrameworkBundle\\Controller\\TemplateController',
  36 => 'Symfony\\Bundle\\WebProfilerBundle\\Controller\\ExceptionPanelController',
  37 => 'Symfony\\Bundle\\WebProfilerBundle\\Controller\\ProfilerController',
  38 => 'Symfony\\Bundle\\WebProfilerBundle\\Controller\\RouterController',
  39 => 'Symfony\\Component\\HttpKernel\\Controller\\ArgumentResolver',
  40 => 'Symfony\\Component\\HttpKernel\\Controller\\ArgumentResolverInterface',
  41 => 'Symfony\\Component\\HttpKernel\\Controller\\ArgumentResolver\\BackedEnumValueResolver',
  42 => 'Symfony\\Component\\HttpKernel\\Controller\\ArgumentResolver\\DateTimeValueResolver',
  43 => 'Symfony\\Component\\HttpKernel\\Controller\\ArgumentResolver\\DefaultValueResolver',
  44 => 'Symfony\\Component\\HttpKernel\\Controller\\ArgumentResolver\\NotTaggedControllerValueResolver',
  45 => 'Symfony\\Component\\HttpKernel\\Controller\\ArgumentResolver\\QueryParameterValueResolver',
  46 => 'Symfony\\Component\\HttpKernel\\Controller\\ArgumentResolver\\RequestAttributeValueResolver',
  47 => 'Symfony\\Component\\HttpKernel\\Controller\\ArgumentResolver\\RequestPayloadValueResolver',
  48 => 'Symfony\\Component\\HttpKernel\\Controller\\ArgumentResolver\\RequestValueResolver',
  49 => 'Symfony\\Component\\HttpKernel\\Controller\\ArgumentResolver\\ServiceValueResolver',
  50 => 'Symfony\\Component\\HttpKernel\\Controller\\ArgumentResolver\\SessionValueResolver',
  51 => 'Symfony\\Component\\HttpKernel\\Controller\\ArgumentResolver\\TraceableValueResolver',
  52 => 'Symfony\\Component\\HttpKernel\\Controller\\ArgumentResolver\\UidValueResolver',
  53 => 'Symfony\\Component\\HttpKernel\\Controller\\ArgumentResolver\\VariadicValueResolver',
  54 => 'Symfony\\Component\\HttpKernel\\Controller\\ArgumentValueResolverInterface',
  55 => 'Symfony\\Component\\HttpKernel\\Controller\\ContainerControllerResolver',
  56 => 'Symfony\\Component\\HttpKernel\\Controller\\ControllerReference',
  57 => 'Symfony\\Component\\HttpKernel\\Controller\\ControllerResolver',
  58 => 'Symfony\\Component\\HttpKernel\\Controller\\ControllerResolverInterface',
  59 => 'Symfony\\Component\\HttpKernel\\Controller\\ErrorController',
  60 => 'Symfony\\Component\\HttpKernel\\Controller\\TraceableArgumentResolver',
  61 => 'Symfony\\Component\\HttpKernel\\Controller\\TraceableControllerResolver',
  62 => 'Symfony\\Component\\HttpKernel\\Controller\\ValueResolverInterface',
);